// Jest Snapshot v1, https://goo.gl/fbAQLP

exports[`renders a default spinner 1`] = `<div />`;
